  Determining projects to restore...
  All projects are up-to-date for restore.
C:\Users\Ari\Documents\SilkModDev\ItemChangerPRs\bellhome-items\ItemChanger.Silksong\Costs\PDBoolCost.cs(7,36): warning CS9113: Parameter 'BoolName' is unread. [C:\Users\Ari\Documents\SilkModDev\ItemChangerPRs\bellhome-items\ItemChanger.Silksong\ItemChanger.Silksong.csproj]
  ItemChanger.Silksong -> C:\Users\Ari\Documents\SilkModDev\ItemChangerPRs\bellhome-items\ItemChanger.Silksong\bin\Debug\netstandard2.1\ItemChanger.Silksong.dll

Build succeeded.

C:\Users\Ari\Documents\SilkModDev\ItemChangerPRs\bellhome-items\ItemChanger.Silksong\Costs\PDBoolCost.cs(7,36): warning CS9113: Parameter 'BoolName' is unread. [C:\Users\Ari\Documents\SilkModDev\ItemChangerPRs\bellhome-items\ItemChanger.Silksong\ItemChanger.Silksong.csproj]
    1 Warning(s)
    0 Error(s)

Time Elapsed 00:00:03.41
